<?xml version="1.0" encoding="utf-8"?><testsuites name="pytest tests"><testsuite name="pytest" errors="0" failures="13" skipped="0" tests="13" time="7.167" timestamp="2026-02-21T01:09:25.022789+05:30" hostname="Astravue-016"><testcase classname="tests.test_security_upgrade.TestLegacyWebhookDeprecation" name="test_post_whatsapp_webhook_returns_deprecated" time="2.190"><failure message="AssertionError: assert 'ok' == 'deprecated'&#10;  &#10;  - deprecated&#10;  + ok">E   AssertionError: assert 'ok' == 'deprecated'
      
      - deprecated
      + ok</failure></testcase><testcase classname="tests.test_security_upgrade.TestLegacyWebhookDeprecation" name="test_post_whatsapp_message_returns_deprecated" time="0.513"><failure message="assert 422 == 200&#10; +  where 422 = &lt;Response [422 Unprocessable Content]&gt;.status_code">E   assert 422 == 200
     +  where 422 = &lt;Response [422 Unprocessable Content]&gt;.status_code</failure></testcase><testcase classname="tests.test_security_upgrade.TestNotificationPreferences" name="test_get_default_preferences" time="0.785"><failure message="assert 404 == 200&#10; +  where 404 = &lt;Response [404 Not Found]&gt;.status_code">E   assert 404 == 200
     +  where 404 = &lt;Response [404 Not Found]&gt;.status_code</failure></testcase><testcase classname="tests.test_security_upgrade.TestNotificationPreferences" name="test_update_preferences" time="0.589"><failure message="assert 404 == 200&#10; +  where 404 = &lt;Response [404 Not Found]&gt;.status_code">E   assert 404 == 200
     +  where 404 = &lt;Response [404 Not Found]&gt;.status_code</failure></testcase><testcase classname="tests.test_security_upgrade.TestNotificationPreferences" name="test_update_preferences_rejects_invalid_fields" time="0.557"><failure message="assert 404 == 400&#10; +  where 404 = &lt;Response [404 Not Found]&gt;.status_code">E   assert 404 == 400
     +  where 404 = &lt;Response [404 Not Found]&gt;.status_code</failure></testcase><testcase classname="tests.test_security_upgrade.TestNotificationPreferences" name="test_preferences_require_auth" time="0.493"><failure message="assert 404 in [401, 403]&#10; +  where 404 = &lt;Response [404 Not Found]&gt;.status_code">E   assert 404 in [401, 403]
     +  where 404 = &lt;Response [404 Not Found]&gt;.status_code</failure></testcase><testcase classname="tests.test_security_upgrade.TestNotificationPreferences" name="test_read_back_updated_preferences" time="0.492"><failure message="assert 404 == 200&#10; +  where 404 = &lt;Response [404 Not Found]&gt;.status_code">E   assert 404 == 200
     +  where 404 = &lt;Response [404 Not Found]&gt;.status_code</failure></testcase><testcase classname="tests.test_security_upgrade.TestCustomerLanguagePreference" name="test_language_requires_api_key" time="0.411"><failure message="assert 404 in [401, 403, 422]&#10; +  where 404 = &lt;Response [404 Not Found]&gt;.status_code">E   assert 404 in [401, 403, 422]
     +  where 404 = &lt;Response [404 Not Found]&gt;.status_code</failure></testcase><testcase classname="tests.test_security_upgrade.TestCustomerLanguagePreference" name="test_language_rejects_unsupported" time="0.482"><failure message="assert 404 == 400&#10; +  where 404 = &lt;Response [404 Not Found]&gt;.status_code">E   assert 404 == 400
     +  where 404 = &lt;Response [404 Not Found]&gt;.status_code</failure></testcase><testcase classname="tests.test_security_upgrade.TestCustomerLanguagePreference" name="test_language_requires_vendor_id" time="0.389"><failure message="assert 404 == 400&#10; +  where 404 = &lt;Response [404 Not Found]&gt;.status_code">E   assert 404 == 400
     +  where 404 = &lt;Response [404 Not Found]&gt;.status_code</failure></testcase><testcase classname="tests.test_security_upgrade.TestPaymentStatusMapping" name="test_payment_status_map_includes_delivered_unpaid" time="0.001"><failure message="FileNotFoundError: [Errno 2] No such file or directory: 'C:\\Users\\Abinash\\Downloads\\ThanniCanuuu\\backend\\tests\\routers\\agent.py'">E   FileNotFoundError: [Errno 2] No such file or directory: 'C:\\Users\\Abinash\\Downloads\\ThanniCanuuu\\backend\\tests\\routers\\agent.py'</failure></testcase><testcase classname="tests.test_security_upgrade.TestSecurityDeprecation" name="test_legacy_handlers_are_deprecated_in_source" time="0.001"><failure message="FileNotFoundError: [Errno 2] No such file or directory: 'C:\\Users\\Abinash\\Downloads\\ThanniCanuuu\\backend\\tests\\server.py'">E   FileNotFoundError: [Errno 2] No such file or directory: 'C:\\Users\\Abinash\\Downloads\\ThanniCanuuu\\backend\\tests\\server.py'</failure></testcase><testcase classname="tests.test_security_upgrade.TestSecurityDeprecation" name="test_get_or_create_customer_has_vendor_id_param" time="0.001"><failure message="FileNotFoundError: [Errno 2] No such file or directory: 'C:\\Users\\Abinash\\Downloads\\ThanniCanuuu\\backend\\tests\\server.py'">E   FileNotFoundError: [Errno 2] No such file or directory: 'C:\\Users\\Abinash\\Downloads\\ThanniCanuuu\\backend\\tests\\server.py'</failure></testcase></testsuite></testsuites>